// Jest Snapshot v1, https://goo.gl/fbAQLP

exports[`<CustomButton /> should render correctly 1`] = `
<input
  className="button"
  onClick={[Function]}
  type="button"
  value="button test"
/>
`;
